Java HotSpot(TM) 64-Bit Server VM (25.181-b13) for windows-amd64 JRE (1.8.0_181-b13), built on Jul  7 2018 04:01:33 by "java_re" with MS VC++ 10.0 (VS2010)
Memory: 4k page, physical 16652344k(10161008k free), swap 19142712k(7458308k free)
CommandLine flags: -XX:GCLogFileSize=3145728 -XX:InitialHeapSize=266437504 -XX:MaxHeapSize=4263000064 -XX:NumberOfGCLogFiles=5 -XX:+PrintGC -XX:+PrintGCDateStamps -XX:+PrintGCDetails -XX:+PrintGCTimeStamps -XX:-TraceClassUnloading -XX:+UseCompressedClassPointers -XX:+UseCompressedOops -XX:+UseGCLogFileRotation -XX:-UseLargePagesIndividualAllocation -XX:+UseParallelGC 
2020-07-10T17:05:14.700+0700: 0.647: [GC (Allocation Failure) [PSYoungGen: 65536K->10739K(76288K)] 65536K->13138K(251392K), 0.0068821 secs] [Times: user=0.00 sys=0.00, real=0.01 secs] 
2020-07-10T17:05:14.738+0700: 0.686: [GC (Metadata GC Threshold) [PSYoungGen: 56334K->8326K(141824K)] 58733K->10733K(316928K), 0.0046978 secs] [Times: user=0.00 sys=0.00, real=0.01 secs] 
2020-07-10T17:05:14.743+0700: 0.691: [Full GC (Metadata GC Threshold) [PSYoungGen: 8326K->0K(141824K)] [ParOldGen: 2406K->8092K(97792K)] 10733K->8092K(239616K), [Metaspace: 19560K->19560K(1067008K)], 0.0221373 secs] [Times: user=0.33 sys=0.00, real=0.02 secs] 
2020-07-10T17:05:15.124+0700: 1.072: [GC (Metadata GC Threshold) [PSYoungGen: 103955K->10726K(141824K)] 112047K->26611K(239616K), 0.0111191 secs] [Times: user=0.03 sys=0.00, real=0.01 secs] 
2020-07-10T17:05:15.135+0700: 1.083: [Full GC (Metadata GC Threshold) [PSYoungGen: 10726K->0K(141824K)] [ParOldGen: 15884K->24909K(178688K)] 26611K->24909K(320512K), [Metaspace: 31716K->31716K(1079296K)], 0.0822858 secs] [Times: user=0.59 sys=0.00, real=0.08 secs] 
2020-07-10T17:05:15.822+0700: 1.770: [GC (Allocation Failure) [PSYoungGen: 131072K->10738K(181248K)] 155981K->53031K(359936K), 0.0124677 secs] [Times: user=0.13 sys=0.03, real=0.01 secs] 
2020-07-10T17:05:18.724+0700: 4.671: [GC (Allocation Failure) [PSYoungGen: 181234K->10723K(223744K)] 223527K->81642K(402432K), 0.0136168 secs] [Times: user=0.13 sys=0.03, real=0.01 secs] 
2020-07-10T17:05:21.596+0700: 7.545: [GC (Allocation Failure) [PSYoungGen: 223715K->43514K(244736K)] 294634K->118853K(423424K), 0.0202895 secs] [Times: user=0.16 sys=0.01, real=0.02 secs] 
2020-07-10T17:05:21.975+0700: 7.924: [GC (Allocation Failure) [PSYoungGen: 244730K->55276K(256512K)] 320069K->136675K(435200K), 0.0290131 secs] [Times: user=0.25 sys=0.00, real=0.03 secs] 
2020-07-10T17:05:22.324+0700: 8.272: [GC (Allocation Failure) [PSYoungGen: 256492K->57605K(316928K)] 337891K->147567K(495616K), 0.0248915 secs] [Times: user=0.00 sys=0.00, real=0.03 secs] 
2020-07-10T17:05:22.755+0700: 8.703: [GC (Allocation Failure) [PSYoungGen: 305925K->76270K(324608K)] 395887K->168273K(503296K), 0.0260273 secs] [Times: user=0.17 sys=0.00, real=0.03 secs] 
2020-07-10T17:05:23.147+0700: 9.095: [GC (Allocation Failure) [PSYoungGen: 324590K->62984K(382464K)] 416593K->170546K(561152K), 0.0285924 secs] [Times: user=0.17 sys=0.00, real=0.03 secs] 
2020-07-10T17:05:23.638+0700: 9.587: [GC (Allocation Failure) [PSYoungGen: 355848K->85247K(386048K)] 463410K->192817K(564736K), 0.0262248 secs] [Times: user=0.17 sys=0.00, real=0.03 secs] 
2020-07-10T17:05:24.357+0700: 10.305: [GC (Metadata GC Threshold) [PSYoungGen: 268237K->56178K(442368K)] 375807K->163756K(621056K), 0.0186080 secs] [Times: user=0.14 sys=0.03, real=0.02 secs] 
2020-07-10T17:05:24.375+0700: 10.323: [Full GC (Metadata GC Threshold) [PSYoungGen: 56178K->0K(442368K)] [ParOldGen: 107578K->107494K(331776K)] 163756K->107494K(774144K), [Metaspace: 52877K->52815K(1099776K)], 0.1690501 secs] [Times: user=1.30 sys=0.00, real=0.17 secs] 
2020-07-10T17:05:26.057+0700: 12.005: [GC (Allocation Failure) [PSYoungGen: 347648K->37543K(450048K)] 455142K->145117K(781824K), 0.0135155 secs] [Times: user=0.00 sys=0.00, real=0.01 secs] 
2020-07-10T17:15:13.891+0700: 599.839: [GC (Allocation Failure) [PSYoungGen: 385191K->47573K(480256K)] 492765K->155187K(812032K), 0.0229240 secs] [Times: user=0.14 sys=0.02, real=0.02 secs] 
2020-07-10T17:15:14.456+0700: 600.404: [GC (Metadata GC Threshold) [PSYoungGen: 200340K->46267K(497664K)] 307955K->153889K(829440K), 0.0171813 secs] [Times: user=0.17 sys=0.00, real=0.02 secs] 
2020-07-10T17:15:14.473+0700: 600.421: [Full GC (Metadata GC Threshold) [PSYoungGen: 46267K->0K(497664K)] [ParOldGen: 107622K->97142K(399360K)] 153889K->97142K(897024K), [Metaspace: 91539K->91539K(1134592K)], 0.1205247 secs] [Times: user=0.83 sys=0.00, real=0.12 secs] 
2020-07-10T17:15:14.894+0700: 600.841: [GC (Allocation Failure) [PSYoungGen: 403968K->4066K(556032K)] 501110K->101216K(955392K), 0.0028921 secs] [Times: user=0.00 sys=0.00, real=0.00 secs] 
2020-07-10T17:15:15.816+0700: 601.764: [GC (Allocation Failure) [PSYoungGen: 471010K->30936K(559104K)] 568160K->128095K(958464K), 0.0095652 secs] [Times: user=0.17 sys=0.00, real=0.01 secs] 
2020-07-10T17:15:16.691+0700: 602.639: [GC (Allocation Failure) [PSYoungGen: 497880K->34830K(588800K)] 595039K->131997K(988160K), 0.0109700 secs] [Times: user=0.17 sys=0.00, real=0.01 secs] 
2020-07-10T17:15:17.243+0700: 603.191: [GC (Allocation Failure) [PSYoungGen: 546318K->38988K(596480K)] 643485K->136163K(995840K), 0.0105462 secs] [Times: user=0.19 sys=0.00, real=0.01 secs] 
2020-07-10T17:15:17.670+0700: 603.618: [GC (Allocation Failure) [PSYoungGen: 550476K->43340K(644608K)] 647651K->140523K(1043968K), 0.0140008 secs] [Times: user=0.06 sys=0.13, real=0.01 secs] 
2020-07-10T17:15:18.050+0700: 603.998: [GC (Allocation Failure) [PSYoungGen: 607052K->44975K(641536K)] 704235K->142166K(1040896K), 0.0144324 secs] [Times: user=0.11 sys=0.06, real=0.02 secs] 
2020-07-10T17:15:18.429+0700: 604.377: [GC (Allocation Failure) [PSYoungGen: 608687K->47532K(709632K)] 705878K->144730K(1108992K), 0.0148909 secs] [Times: user=0.14 sys=0.05, real=0.02 secs] 
2020-07-10T17:15:18.828+0700: 604.776: [GC (Allocation Failure) [PSYoungGen: 681388K->50005K(708608K)] 778586K->147212K(1107968K), 0.0139197 secs] [Times: user=0.19 sys=0.00, real=0.01 secs] 
2020-07-10T17:15:19.203+0700: 605.151: [GC (Allocation Failure) [PSYoungGen: 683861K->52958K(795136K)] 781068K->150173K(1194496K), 0.0155267 secs] [Times: user=0.17 sys=0.00, real=0.01 secs] 
2020-07-10T17:15:19.552+0700: 605.500: [GC (Allocation Failure) [PSYoungGen: 773342K->54910K(795648K)] 870557K->152133K(1195008K), 0.0149037 secs] [Times: user=0.17 sys=0.00, real=0.01 secs] 
2020-07-10T17:15:19.886+0700: 605.834: [GC (Allocation Failure) [PSYoungGen: 775294K->56604K(878080K)] 872517K->153835K(1277440K), 0.0170151 secs] [Times: user=0.11 sys=0.06, real=0.02 secs] 
2020-07-10T17:15:20.205+0700: 606.153: [GC (Allocation Failure) [PSYoungGen: 857884K->58294K(879104K)] 955115K->155533K(1278464K), 0.0142631 secs] [Times: user=0.16 sys=0.00, real=0.01 secs] 
2020-07-10T17:15:20.436+0700: 606.385: [GC (Allocation Failure) [PSYoungGen: 859574K->59203K(977920K)] 956813K->156450K(1377280K), 0.0163343 secs] [Times: user=0.08 sys=0.08, real=0.02 secs] 
2020-07-10T17:15:20.728+0700: 606.675: [GC (Allocation Failure) [PSYoungGen: 957763K->60480K(978944K)] 1055010K->157735K(1378304K), 0.0149550 secs] [Times: user=0.16 sys=0.00, real=0.02 secs] 
2020-07-10T17:15:22.445+0700: 608.393: [GC (Allocation Failure) [PSYoungGen: 959040K->79754K(1091072K)] 1056295K->177017K(1490432K), 0.0292168 secs] [Times: user=0.33 sys=0.05, real=0.03 secs] 
2020-07-10T17:15:35.716+0700: 621.664: [GC (Allocation Failure) [PSYoungGen: 1088906K->90083K(1099264K)] 1186169K->802600K(1811968K), 0.2441421 secs] [Times: user=0.47 sys=0.33, real=0.24 secs] 
2020-07-10T17:15:35.960+0700: 621.908: [Full GC (Ergonomics) [PSYoungGen: 90083K->49830K(1099264K)] [ParOldGen: 712516K->712368K(1293312K)] 802600K->762198K(2392576K), [Metaspace: 120180K->120180K(1161216K)], 0.6136186 secs] [Times: user=4.50 sys=0.00, real=0.61 secs] 
2020-07-10T17:17:19.372+0700: 725.319: [GC (Allocation Failure) [PSYoungGen: 1058982K->236675K(974336K)] 1771350K->963409K(2267648K), 0.1088726 secs] [Times: user=0.36 sys=0.00, real=0.11 secs] 
Heap
 PSYoungGen      total 974336K, used 428293K [0x000000076b500000, 0x00000007c0000000, 0x00000007c0000000)
  eden space 686080K, 27% used [0x000000076b500000,0x00000007770208e8,0x0000000795300000)
  from space 288256K, 82% used [0x00000007ae680000,0x00000007bcda0c58,0x00000007c0000000)
  to   space 350720K, 0% used [0x0000000795300000,0x0000000795300000,0x00000007aa980000)
 ParOldGen       total 1293312K, used 726734K [0x00000006c1e00000, 0x0000000710d00000, 0x000000076b500000)
  object space 1293312K, 56% used [0x00000006c1e00000,0x00000006ee3b3b20,0x0000000710d00000)
 Metaspace       used 137032K, capacity 145717K, committed 145960K, reserved 1177600K
  class space    used 15547K, capacity 18108K, committed 18216K, reserved 1048576K
